// Jest Snapshot v1, https://goo.gl/fbAQLP

exports[`renders Home link 1`] = `
Object {
  "asFragment": [Function],
  "baseElement": <body>
    <div>
      <div>
        <ul>
          <li>
            <a
              aria-current="page"
              class="active"
              href="/"
              style="text-decoration: none;"
            >
              Home
            </a>
          </li>
          <li>
            <a
              href="/teams"
              style="text-decoration: none;"
            >
              Teams
            </a>
          </li>
          <li>
            <a
              href="/players"
              style="text-decoration: none;"
            >
              Players
            </a>
          </li>
        </ul>
      </div>
      <div
        class="App"
      >
        <div>
          <h1
            class="headings"
          >
            Welcome to the PNW Kickball League!
          </h1>
          <div
            class="page-content"
          >
            <h3>
              Check out our 
              <a
                href="/teams"
              >
                local teams
              </a>
            </h3>
            <h3>
              Or check in on your favorite 
              <a
                href="/players"
              >
                players
              </a>
            </h3>
          </div>
        </div>
      </div>
    </div>
  </body>,
  "container": <div>
    <div>
      <ul>
        <li>
          <a
            aria-current="page"
            class="active"
            href="/"
            style="text-decoration: none;"
          >
            Home
          </a>
        </li>
        <li>
          <a
            href="/teams"
            style="text-decoration: none;"
          >
            Teams
          </a>
        </li>
        <li>
          <a
            href="/players"
            style="text-decoration: none;"
          >
            Players
          </a>
        </li>
      </ul>
    </div>
    <div
      class="App"
    >
      <div>
        <h1
          class="headings"
        >
          Welcome to the PNW Kickball League!
        </h1>
        <div
          class="page-content"
        >
          <h3>
            Check out our 
            <a
              href="/teams"
            >
              local teams
            </a>
          </h3>
          <h3>
            Or check in on your favorite 
            <a
              href="/players"
            >
              players
            </a>
          </h3>
        </div>
      </div>
    </div>
  </div>,
  "debug": [Function],
  "findAllByAltText": [Function],
  "findAllByDisplayValue": [Function],
  "findAllByLabelText": [Function],
  "findAllByPlaceholderText": [Function],
  "findAllByRole": [Function],
  "findAllByTestId": [Function],
  "findAllByText": [Function],
  "findAllByTitle": [Function],
  "findByAltText": [Function],
  "findByDisplayValue": [Function],
  "findByLabelText": [Function],
  "findByPlaceholderText": [Function],
  "findByRole": [Function],
  "findByTestId": [Function],
  "findByText": [Function],
  "findByTitle": [Function],
  "getAllByAltText": [Function],
  "getAllByDisplayValue": [Function],
  "getAllByLabelText": [Function],
  "getAllByPlaceholderText": [Function],
  "getAllByRole": [Function],
  "getAllByTestId": [Function],
  "getAllByText": [Function],
  "getAllByTitle": [Function],
  "getByAltText": [Function],
  "getByDisplayValue": [Function],
  "getByLabelText": [Function],
  "getByPlaceholderText": [Function],
  "getByRole": [Function],
  "getByTestId": [Function],
  "getByText": [Function],
  "getByTitle": [Function],
  "queryAllByAltText": [Function],
  "queryAllByDisplayValue": [Function],
  "queryAllByLabelText": [Function],
  "queryAllByPlaceholderText": [Function],
  "queryAllByRole": [Function],
  "queryAllByTestId": [Function],
  "queryAllByText": [Function],
  "queryAllByTitle": [Function],
  "queryByAltText": [Function],
  "queryByDisplayValue": [Function],
  "queryByLabelText": [Function],
  "queryByPlaceholderText": [Function],
  "queryByRole": [Function],
  "queryByTestId": [Function],
  "queryByText": [Function],
  "queryByTitle": [Function],
  "rerender": [Function],
  "unmount": [Function],
}
`;
